2026-05-05 01:16:26,702 - numexpr.utils - INFO - NumExpr defaulting to 8 threads.
2026-05-05 01:17:39,454 - numexpr.utils - INFO - NumExpr defaulting to 8 threads.
2026-05-05 01:17:51,322 - pyswarms.single.global_best - INFO - Optimize for 40 iters with {'c1': 0.5, 'c2': 0.3, 'w': 0.9}
2026-05-05 01:17:58,571 - pyswarms.single.global_best - INFO - Optimization finished | best cost: -8.82016568558032, best pos: [27.14677389 17.74925994  4.71932274]
2026-05-24 23:56:49,280 - numexpr.utils - INFO - NumExpr defaulting to 8 threads.
2026-05-25 00:00:01,194 - numexpr.utils - INFO - NumExpr defaulting to 8 threads.
2026-05-25 00:00:31,084 - numexpr.utils - INFO - NumExpr defaulting to 8 threads.
2026-05-25 00:00:43,772 - pyswarms.single.global_best - INFO - Optimize for 40 iters with {'c1': 0.5, 'c2': 0.3, 'w': 0.9}
2026-05-25 00:00:51,729 - pyswarms.single.global_best - INFO - Optimization finished | best cost: -8.057504333459026, best pos: [-23.59288342   5.82706849 -10.23988057]
2026-05-25 00:02:49,891 - numexpr.utils - INFO - NumExpr defaulting to 8 threads.
2026-05-25 00:03:02,570 - pyswarms.single.global_best - INFO - Optimize for 40 iters with {'c1': 0.5, 'c2': 0.3, 'w': 0.9}
2026-05-25 00:03:10,537 - pyswarms.single.global_best - INFO - Optimization finished | best cost: -8.538342338594745, best pos: [28.72505227  3.15006788  8.00117378]
2026-05-25 00:04:48,414 - numexpr.utils - INFO - NumExpr defaulting to 8 threads.
2026-05-25 00:05:08,859 - pyswarms.single.global_best - INFO - Optimize for 50 iters with {'c1': 0.5, 'c2': 0.3, 'w': 0.9}
2026-05-25 00:05:28,730 - pyswarms.single.global_best - INFO - Optimization finished | best cost: -8.653987060539135, best pos: [-19.03367702  -7.5484292  -10.67590735]
2026-05-25 00:05:40,795 - pyswarms.single.global_best - INFO - Optimize for 40 iters with {'c1': 0.5, 'c2': 0.3, 'w': 0.9}
2026-05-25 00:05:48,829 - pyswarms.single.global_best - INFO - Optimization finished | best cost: -8.428636317699556, best pos: [-11.22688543   5.23760032   3.6019963 ]
2026-05-25 00:09:04,612 - numexpr.utils - INFO - NumExpr defaulting to 8 threads.
2026-05-25 00:09:42,394 - pyswarms.single.global_best - INFO - Optimize for 50 iters with {'c1': 0.5, 'c2': 0.3, 'w': 0.9}
2026-05-25 00:10:19,978 - pyswarms.single.global_best - INFO - Optimization finished | best cost: -19.38284250891425, best pos: [ -0.32877685  28.41972585  27.28478651   5.40875196   0.7862696
  26.07487308 -27.09816384 -10.90825029  17.9845727   27.28515351
  23.83211979   3.31246244  24.1892989  -14.12311598  -5.03194878
  15.11253205  10.56704253  14.78960352  -0.17488073  -0.29064802
  -0.82100456]
2026-05-25 00:10:42,133 - pyswarms.single.global_best - INFO - Optimize for 40 iters with {'c1': 0.5, 'c2': 0.3, 'w': 0.9}
2026-05-25 00:10:56,703 - pyswarms.single.global_best - INFO - Optimization finished | best cost: -20.130411145637762, best pos: [ 26.75801142 -17.80025894  18.2913913   26.18770163  29.18041794
 -17.92230485 -23.33675622  22.82351487 -15.92732836  28.6850595
  27.95728143  28.30500763  24.10295473 -20.67885949   7.21836249
  -2.54626035  12.33068487   2.47933293   3.89039116 -10.48572939
 -10.5610563 ]
2026-05-25 00:21:32,085 - numexpr.utils - INFO - NumExpr defaulting to 8 threads.
2026-05-25 00:22:17,322 - pyswarms.single.global_best - INFO - Optimize for 60 iters with {'c1': 0.5, 'c2': 0.3, 'w': 0.9}
2026-05-25 00:23:03,525 - pyswarms.single.global_best - INFO - Optimization finished | best cost: -18.52307253407559, best pos: [-22.66099172  -9.46760843 -13.67744157 -23.78297208  21.31892336
 -27.29519441  -6.19778387  18.95267232  28.84861735  10.69698094
  25.60279297  -5.55336779   2.387835    -0.07566266  29.20059106
  26.2652368   17.85442327  24.05758641  20.9234175   21.79009897
   0.77405004]
2026-05-25 00:23:33,610 - pyswarms.backend.generators - ERROR - Bounds and/or init_pos should be of size (21,)
Traceback (most recent call last):
  File "/Library/Frameworks/Python.framework/Versions/3.13/lib/python3.13/site-packages/pyswarms/backend/generators.py", line 67, in generate_swarm
    raise ValueError("User-defined init_pos is out of bounds.")
ValueError: User-defined init_pos is out of bounds.
2026-05-25 00:25:54,914 - numexpr.utils - INFO - NumExpr defaulting to 8 threads.
2026-05-25 00:26:39,915 - pyswarms.single.global_best - INFO - Optimize for 60 iters with {'c1': 0.5, 'c2': 0.3, 'w': 0.9}
2026-05-25 00:27:23,871 - pyswarms.single.global_best - INFO - Optimization finished | best cost: -18.15564130466228, best pos: [-28.42796507 -28.51513596 -13.35811601 -22.55862312 -10.59818816
 -12.19967665  -4.89982798  21.76185     21.01924313  13.64681256
  22.07380302  23.30218086  -8.18723245  21.45442222 -29.24546482
 -28.10762055  -8.14222263  -3.34275892   4.63318814  -9.09605747
 -16.61515623]
2026-05-25 00:27:53,110 - pyswarms.single.global_best - INFO - Optimize for 40 iters with {'c1': 0.5, 'c2': 0.3, 'w': 0.9}
2026-05-25 00:28:07,818 - pyswarms.single.global_best - INFO - Optimization finished | best cost: -18.57708500499659, best pos: [ 21.58548147  29.35974419  20.51704193  27.00678872  14.51236708
  14.48907713 -22.94725463  27.65143089  11.31551801  26.00871706
 -26.11949519  27.46499262  18.14304677   9.28105557  29.80411876
   4.1923434    4.81563016  19.99484463  23.69551135   9.90591402
   0.16545568]
2026-05-25 00:29:44,147 - numexpr.utils - INFO - NumExpr defaulting to 8 threads.
2026-05-25 00:30:21,405 - pyswarms.single.global_best - INFO - Optimize for 50 iters with {'c1': 0.5, 'c2': 0.3, 'w': 0.9}
2026-05-25 00:30:57,768 - pyswarms.single.global_best - INFO - Optimization finished | best cost: -19.810470010568462, best pos: [22.04062437 18.76183245 16.32081602 14.29269427  6.72542284 14.83762347
  0.19337518 18.6716068  21.26339162 27.80532034 18.90203447 10.45382132
 19.86081941  1.70805018 20.9201251   6.64232873 25.61996064 26.02951587
 15.24037499 23.81542553 -4.44136383]
2026-05-25 00:31:27,613 - pyswarms.single.global_best - INFO - Optimize for 40 iters with {'c1': 0.5, 'c2': 0.3, 'w': 0.9}
2026-05-25 00:32:02,059 - pyswarms.single.global_best - INFO - Optimization finished | best cost: -19.464121130494654, best pos: [ 28.79030094  21.86159456  24.27073036  18.68623764   9.97695238
   8.78991691  -5.31422136  23.90110805  21.32730229  10.85215862
  23.99686134 -12.92103386  23.04663868  10.70092646  27.70226514
  21.81108594   9.16643591  28.8970732   -5.06803039 -22.5779431
   4.21934857]
2026-05-25 00:36:51,397 - numexpr.utils - INFO - NumExpr defaulting to 8 threads.
2026-05-25 00:36:58,090 - pygad.utils.validation - ERROR - index 0 is out of bounds for axis 0 with size 0
Traceback (most recent call last):
  File "/Library/Frameworks/Python.framework/Versions/3.13/lib/python3.13/site-packages/pygad/utils/engine.py", line 908, in best_solution
    best_match_idx = numpy.where(
                     ~~~~~~~~~~~~
     pop_fitness == numpy.max(pop_fitness))[0][0]
     ~~~~~~~~~~~~~~~~~~~~~~~~~~~~~~~~~~~~~~~~~^^^
IndexError: index 0 is out of bounds for axis 0 with size 0
2026-05-25 00:36:58,090 - pygad.utils.validation - ERROR - index 0 is out of bounds for axis 0 with size 0
Traceback (most recent call last):
  File "/Library/Frameworks/Python.framework/Versions/3.13/lib/python3.13/site-packages/pygad/utils/engine.py", line 483, in run
    best_solution, best_solution_fitness, best_match_idx = self.best_solution(
                                                           ~~~~~~~~~~~~~~~~~~^
        pop_fitness=self.last_generation_fitness)
        ^^^^^^^^^^^^^^^^^^^^^^^^^^^^^^^^^^^^^^^^^
  File "/Library/Frameworks/Python.framework/Versions/3.13/lib/python3.13/site-packages/pygad/utils/engine.py", line 925, in best_solution
    raise ex
  File "/Library/Frameworks/Python.framework/Versions/3.13/lib/python3.13/site-packages/pygad/utils/engine.py", line 908, in best_solution
    best_match_idx = numpy.where(
                     ~~~~~~~~~~~~
     pop_fitness == numpy.max(pop_fitness))[0][0]
     ~~~~~~~~~~~~~~~~~~~~~~~~~~~~~~~~~~~~~~~~~^^^
IndexError: index 0 is out of bounds for axis 0 with size 0
2026-05-25 00:38:52,100 - numexpr.utils - INFO - NumExpr defaulting to 8 threads.
2026-05-25 00:40:40,647 - pyswarms.backend.generators - ERROR - Bounds and/or init_pos should be of size (21,)
Traceback (most recent call last):
  File "/Library/Frameworks/Python.framework/Versions/3.13/lib/python3.13/site-packages/pyswarms/backend/generators.py", line 67, in generate_swarm
    raise ValueError("User-defined init_pos is out of bounds.")
ValueError: User-defined init_pos is out of bounds.
2026-05-25 00:44:23,507 - numexpr.utils - INFO - NumExpr defaulting to 8 threads.
2026-05-25 15:13:51,276 - numexpr.utils - INFO - NumExpr defaulting to 8 threads.
2026-05-25 15:13:51,718 - floris.floris_model.FlorisModel - WARNING - turbine_type has been changed without specifying a new reference_wind_height. reference_wind_height remains 90.00 m. Consider calling `FlorisModel.assign_hub_height_to_ref_height` to update the reference wind height to the turbine hub height.
2026-05-25 15:13:51,740 - floris.floris_model.FlorisModel - WARNING - turbine_type has been changed without specifying a new reference_wind_height. reference_wind_height remains 90.00 m. Consider calling `FlorisModel.assign_hub_height_to_ref_height` to update the reference wind height to the turbine hub height.
2026-05-25 15:13:57,261 - pygad.utils.validation - ERROR - index 0 is out of bounds for axis 0 with size 0
Traceback (most recent call last):
  File "/Library/Frameworks/Python.framework/Versions/3.13/lib/python3.13/site-packages/pygad/utils/engine.py", line 908, in best_solution
    best_match_idx = numpy.where(
                     ~~~~~~~~~~~~
     pop_fitness == numpy.max(pop_fitness))[0][0]
     ~~~~~~~~~~~~~~~~~~~~~~~~~~~~~~~~~~~~~~~~~^^^
IndexError: index 0 is out of bounds for axis 0 with size 0
2026-05-25 15:13:57,261 - pygad.utils.validation - ERROR - index 0 is out of bounds for axis 0 with size 0
Traceback (most recent call last):
  File "/Library/Frameworks/Python.framework/Versions/3.13/lib/python3.13/site-packages/pygad/utils/engine.py", line 483, in run
    best_solution, best_solution_fitness, best_match_idx = self.best_solution(
                                                           ~~~~~~~~~~~~~~~~~~^
        pop_fitness=self.last_generation_fitness)
        ^^^^^^^^^^^^^^^^^^^^^^^^^^^^^^^^^^^^^^^^^
  File "/Library/Frameworks/Python.framework/Versions/3.13/lib/python3.13/site-packages/pygad/utils/engine.py", line 925, in best_solution
    raise ex
  File "/Library/Frameworks/Python.framework/Versions/3.13/lib/python3.13/site-packages/pygad/utils/engine.py", line 908, in best_solution
    best_match_idx = numpy.where(
                     ~~~~~~~~~~~~
     pop_fitness == numpy.max(pop_fitness))[0][0]
     ~~~~~~~~~~~~~~~~~~~~~~~~~~~~~~~~~~~~~~~~~^^^
IndexError: index 0 is out of bounds for axis 0 with size 0
2026-05-25 15:16:02,103 - numexpr.utils - INFO - NumExpr defaulting to 8 threads.
2026-05-25 15:16:02,519 - floris.floris_model.FlorisModel - WARNING - turbine_type has been changed without specifying a new reference_wind_height. reference_wind_height remains 90.00 m. Consider calling `FlorisModel.assign_hub_height_to_ref_height` to update the reference wind height to the turbine hub height.
2026-05-25 15:16:02,543 - floris.floris_model.FlorisModel - WARNING - turbine_type has been changed without specifying a new reference_wind_height. reference_wind_height remains 90.00 m. Consider calling `FlorisModel.assign_hub_height_to_ref_height` to update the reference wind height to the turbine hub height.
2026-05-25 15:17:50,711 - pyswarms.backend.generators - ERROR - Bounds and/or init_pos should be of size (21,)
Traceback (most recent call last):
  File "/Library/Frameworks/Python.framework/Versions/3.13/lib/python3.13/site-packages/pyswarms/backend/generators.py", line 67, in generate_swarm
    raise ValueError("User-defined init_pos is out of bounds.")
ValueError: User-defined init_pos is out of bounds.
2026-05-25 15:18:49,866 - numexpr.utils - INFO - NumExpr defaulting to 8 threads.
2026-05-25 15:18:50,287 - floris.floris_model.FlorisModel - WARNING - turbine_type has been changed without specifying a new reference_wind_height. reference_wind_height remains 90.00 m. Consider calling `FlorisModel.assign_hub_height_to_ref_height` to update the reference wind height to the turbine hub height.
2026-05-25 15:18:50,310 - floris.floris_model.FlorisModel - WARNING - turbine_type has been changed without specifying a new reference_wind_height. reference_wind_height remains 90.00 m. Consider calling `FlorisModel.assign_hub_height_to_ref_height` to update the reference wind height to the turbine hub height.
2026-05-25 15:23:31,258 - numexpr.utils - INFO - NumExpr defaulting to 8 threads.
2026-05-25 15:23:31,677 - floris.floris_model.FlorisModel - WARNING - turbine_type has been changed without specifying a new reference_wind_height. reference_wind_height remains 90.00 m. Consider calling `FlorisModel.assign_hub_height_to_ref_height` to update the reference wind height to the turbine hub height.
2026-05-25 15:23:31,700 - floris.floris_model.FlorisModel - WARNING - turbine_type has been changed without specifying a new reference_wind_height. reference_wind_height remains 90.00 m. Consider calling `FlorisModel.assign_hub_height_to_ref_height` to update the reference wind height to the turbine hub height.
2026-05-25 15:29:48,863 - numexpr.utils - INFO - NumExpr defaulting to 8 threads.
2026-05-25 15:29:49,270 - floris.floris_model.FlorisModel - WARNING - turbine_type has been changed without specifying a new reference_wind_height. reference_wind_height remains 90.00 m. Consider calling `FlorisModel.assign_hub_height_to_ref_height` to update the reference wind height to the turbine hub height.
